tim.c:28:6:GetColorValues	24	static
tim.c:38:6:SetColorValues	16	static
tim.c:55:10:GetLuminanceValue	8	static
tim.c:62:6:SetLuminanceValue	16	static
tim.c:72:10:GetRateValue	8	static
tim.c:76:6:SetRateValue	16	static
tim.c:82:6:ProcessLuminance	8	static
tim.c:108:6:HAL_TIM_PeriodElapsedCallback	16	static
tim.c:121:6:MX_TIM2_Init	32	static
tim.c:165:6:MX_TIM3_Init	32	static
tim.c:221:6:MX_TIM7_Init	16	static
tim.c:254:6:HAL_TIM_PWM_MspInit	16	static
tim.c:281:6:HAL_TIM_Base_MspInit	16	static
tim.c:300:6:HAL_TIM_MspPostInit	56	static
tim.c:358:6:HAL_TIM_PWM_MspDeInit	16	static
tim.c:385:6:HAL_TIM_Base_MspDeInit	16	static
