tim.c:28:6:GetColorValues	24	static
tim.c:38:6:SetColorValues	16	static
tim.c:55:10:GetLuminanceValue	8	static
tim.c:63:6:SetLuminanceValue	16	static
tim.c:73:10:GetRateValue	8	static
tim.c:77:6:SetRateValue	16	static
tim.c:83:6:ProcessLuminance	8	static
tim.c:110:6:HAL_TIM_PeriodElapsedCallback	16	static
tim.c:123:6:MX_TIM2_Init	48	static
tim.c:177:6:MX_TIM3_Init	48	static
tim.c:243:6:MX_TIM7_Init	16	static
tim.c:276:6:HAL_TIM_Base_MspInit	16	static
tim.c:317:6:HAL_TIM_MspPostInit	56	static
tim.c:375:6:HAL_TIM_Base_MspDeInit	16	static
